┌─ File (Alt+F) ── Edit ── Rollback (Alt+R) ── View ─────────────────────────────────── cellsheet: Q3_budget.cell [●] ─┐
├──────┬───────────────────────────────────────────────────────────────────────────────────────────────────────────────┤
│  A3  │ fx: Operations                                                                                                │
├──────┴──────┬──────────────────┬──────────────────┬──────────────────┬──────────────────┬────────────────────────────┤
│             │       [A]        │        B         │        C         │        D         │             E              │
├─────────────┼──────────────────┼──────────────────┼──────────────────┼──────────────────┼────────────────────────────┤
│ r1          │       $50,000.00 │        $1,250.00 │       $51,250.00 │                  │                            │
├─────────────┼──────────────────┼──────────────────┼──────────────────┼──────────────────┼────────────────────────────┤
│ r2          │       $14,200.50 │          $320.00 │       $14,520.50 │                  │                            │
├─────────────┼──────────────────┼──────────────────┼──────────────────┼──────────────────┼────────────────────────────┤
│ [r3]        ║Operations        ║Equipment         │Subtotal          │Audited?          │                            │
├─────────────┼──────────────────┼──────────────────┼──────────────────┼──────────────────┼────────────────────────────┤
│ r4          │              450 │            12.75 │           5737.5 │YES               │                            │
├─────────────┼──────────────────┼──────────────┌─────────────────────┐┼──────────────────┼────────────────────────────┤
│ r5          │                  │              │ Confirm             ││                  │                            │
│ (height: 2) │                  │              │ Delete row 3?       ││                  │                            │
├─────────────┼──────────────────┼──────────────│ y = yes    n = no   │┼──────────────────┼────────────────────────────┤
│ r6          │                  │              └─────────────────────┘│                  │                            │
├─────────────┼──────────────────┼──────────────────┼──────────────────┼──────────────────┼────────────────────────────┤
│ r7          │                  │                  │                  │                  │                            │
├─────────────┼──────────────────┼──────────────────┼──────────────────┼──────────────────┼────────────────────────────┤
│ r8          │                  │                  │                  │                  │                            │
├─────────────┼──────────────────┼──────────────────┼──────────────────┼──────────────────┼────────────────────────────┤
│ r9          │                  │                  │                  │                  │                            │
├─────────────┼──────────────────┼──────────────────┼──────────────────┼──────────────────┼────────────────────────────┤
│ r10         │                  │                  │                  │                  │                            │
│             │                  │                  │                  │                  │                            │
├─────────────┴──────────────────┴──────────────────┴──────────────────┴──────────────────┴────────────────────────────┤
│ [ Sheet1* ]  [ + ]                                                                                                   │
├──────────────────────────────────────────────────────────────────────────────────────────────────────────────────────┤
│ CONFIRM │ 100R x 26C │ Active: A3 (Text) │ Checkpoint: due [Rev 0/99] │ y Confirm │ n Cancel                         │
└──────────────────────────────────────────────────────────────────────────────────────────────────────────────────────┘