┌─ File (Alt+F) ── Edit ── Rollback (Alt+R) ── View ─────────────────────────────────── cellsheet: Q3_budget.cell [●] ─┐
├──────┬───────────────────────────────────────────────────────────────────────────────────────────────────────────────┤
│  C1  │ fx: =SUM(A1:B1)                                                                                               │
├──────┴──────┬──────────────────┬──────────────────┬──────────────────┬──────────────────┬────────────────────────────┤
│             │        A         │        B         │       [C]        │        D         │             E              │
├─────────────┼──────────────────┼──────────────────┼──────────────────┼──────────────────┼────────────────────────────┤
│ [r1]        │       $50,000.00 │        $1,250.00 ║       $51,250.00 ║     #DIV/0!      │                            │
├─────────────┼──────────────────┼──────────────────┼──────────────────┼──────────────────┼────────────────────────────┤
│ r2          │       $14,200.50 │          $320.00 │       $14,520.50 │     #NAME?       │                            │
├─────────────┼──────────────────┼──────────────────┼──────────────────┼──────────────────┼────────────────────────────┤
│ r3          │Operations        │Equipment         │Subtotal          │     #VALUE!      │                            │
├─────────────┼──────────────────┼──────────────────┼──────────────────┼──────────────────┼────────────────────────────┤
│ r4          │              450 │            12.75 │           5737.5 │YES               │                            │
├─────────────┼──────────────────┼──────────────────┼──────────────────┼──────────────────┼────────────────────────────┤
│ r5          │                  │                  │                  │                  │                            │
│ (height: 2) │                  │                  │                  │                  │                            │
├─────────────┼──────────────────┼──────────────────┼──────────────────┼──────────────────┼────────────────────────────┤
│ r6          │                  │                  │                  │                  │                            │
├─────────────┼──────────────────┼──────────────────┼──────────────────┼──────────────────┼────────────────────────────┤
│ r7          │                  │                  │                  │                  │                            │
├─────────────┼──────────────────┼──────────────────┼──────────────────┼──────────────────┼────────────────────────────┤
│ r8          │                  │                  │                  │                  │                            │
├─────────────┼──────────────────┼──────────────────┼──────────────────┼──────────────────┼────────────────────────────┤
│ r9          │                  │                  │                  │                  │                            │
├─────────────┼──────────────────┼──────────────────┼──────────────────┼──────────────────┼────────────────────────────┤
│ r10         │                  │                  │                  │                  │                            │
│             │                  │                  │                  │                  │                            │
├─────────────┴──────────────────┴──────────────────┴──────────────────┴──────────────────┴────────────────────────────┤
│ [ Sheet1* ]  [ + ]                                                                                                   │
├──────────────────────────────────────────────────────────────────────────────────────────────────────────────────────┤
│ READY │ 100R x 26C │ Active: C1 (Currency) │ Checkpoint: due [Rev 0/99] │ ^S Save │ ^Q Quit │ +/- Resize Header      │
└──────────────────────────────────────────────────────────────────────────────────────────────────────────────────────┘