┌─ File ── Edit ── Rollback ── View ── Q3_budget.cell [●] ─┐
├──────┬───────────────────────────────────────────────────┤
│  C1  │ fx: =SUM(A1:B1)                                   │
├──────┴──────┬──────────────────┬─────────────────────────┤
│             │        B         │           [C]           │
├─────────────┼──────────────────┼─────────────────────────┤
│ [r1]        │        $1,250.00 ║              $51,250.00 ║
├─────────────┼──────────────────┼─────────────────────────┤
│ r2          │          $320.00 │              $14,520.50 │
├─────────────┼──────────────────┼─────────────────────────┤
│ r3          │Equipment         │Subtotal                 │
├─────────────┴──────────────────┴─────────────────────────┤
│ [ Sheet1* ]  [ + ]                                       │
├──────────────────────────────────────────────────────────┤
│ READY │ 100R x 26C │ Active: C1 (Currency)               │
└──────────────────────────────────────────────────────────┘