┌─ File (Alt+F) ── Edit ── Rollback (Alt+R) ── View ─────────────────────────────────── cellsheet: Q3_budget.cell [●] ─┐
├─┌─────────────────────────┐──────────────────────────────────────────────────────────────────────────────────────────┤
│ │  Copy            Ctrl+C │                                                                                          │
├─│  Cut             Ctrl+X │────┬──────────────────┬──────────────────┬──────────────────┬────────────────────────────┤
│ │  Paste           Ctrl+V │    │        B         │       [C]        │        D         │             E              │
├─│─────────────────────────│────┼──────────────────┼──────────────────┼──────────────────┼────────────────────────────┤
│ │  Insert row above       │.00 │        $1,250.00 ║       $51,250.00 ║                  │                            │
├─│  Insert column left     │────┼──────────────────┼──────────────────┼──────────────────┼────────────────────────────┤
│ │  Delete row       Alt+D │.50 │          $320.00 │       $14,520.50 │                  │                            │
├─│  Delete column    Alt+C │────┼──────────────────┼──────────────────┼──────────────────┼────────────────────────────┤
│ │─────────────────────────│    │Equipment         │Subtotal          │Audited?          │                            │
├─│  Add sheet       Ctrl+T │────┼──────────────────┼──────────────────┼──────────────────┼────────────────────────────┤
│ │  Rename sheet…          │450 │            12.75 │           5737.5 │YES               │                            │
├─│  Delete sheet           │────┼──────────────────┼──────────────────┼──────────────────┼────────────────────────────┤
│ │─────────────────────────│    │                  │                  │                  │                            │
│ │  Select all      Ctrl+A │    │                  │                  │                  │                            │
├─└─────────────────────────┘────┼──────────────────┼──────────────────┼──────────────────┼────────────────────────────┤
│ r6          │                  │                  │                  │                  │                            │
├─────────────┼──────────────────┼──────────────────┼──────────────────┼──────────────────┼────────────────────────────┤
│ r7          │                  │                  │                  │                  │                            │
├─────────────┼──────────────────┼──────────────────┼──────────────────┼──────────────────┼────────────────────────────┤
│ r8          │                  │                  │                  │                  │                            │
├─────────────┼──────────────────┼──────────────────┼──────────────────┼──────────────────┼────────────────────────────┤
│ r9          │                  │                  │                  │                  │                            │
├─────────────┼──────────────────┼──────────────────┼──────────────────┼──────────────────┼────────────────────────────┤
│ r10         │                  │                  │                  │                  │                            │
│             │                  │                  │                  │                  │                            │
├─────────────┴──────────────────┴──────────────────┴──────────────────┴──────────────────┴────────────────────────────┤
│ [ Sheet1* ]  [ + ]                                                                                                   │
├──────────────────────────────────────────────────────────────────────────────────────────────────────────────────────┤
│ READY │ 100R x 26C │ Active: C1 (Currency) │ Checkpoint: due [Rev 0/99] │ ^S Save │ ^Q Quit │ +/- Resize Header      │
└──────────────────────────────────────────────────────────────────────────────────────────────────────────────────────┘