┌─ File (Alt+F) ── Edit ── Rollback (Alt+R) ── View ─────────────────────────────────── cellsheet: Q3_budget.cell [●] ─┐
├──────┬───────────────────────────────────────────────────────────────────────────────────────────────────────────────┤
│  C1  │ fx: =SUM(A1:B1)      ┌─────────────────────────────────────────────────────────┐                              │
├──────┴──────┬───────────────│ 0: Current State          [10:11:02 PM]                 │─┬────────────────────────────┤
│             │        A      │ 1: Auto-Checkpoint        [10:11:02 PM]                 │ │             E              │
├─────────────┼───────────────│ 2: Auto-Checkpoint        [10:08:02 PM]                 │─┼────────────────────────────┤
│ [r1]        │       $50,000.│ 3: Bulk Paste (+12 cells) [10:05:02 PM]                 │ │                            │
├─────────────┼───────────────│ 4: Row 4 edited           [10:02:02 PM]                 │─┼────────────────────────────┤
│ r2          │       $14,200.│ 5: Auto-Checkpoint         [9:59:02 PM]                 │ │                            │
├─────────────┼───────────────│ 6: Auto-Checkpoint         [9:56:02 PM]                 │─┼────────────────────────────┤
│ r3          │Operations     │ 7: Auto-Checkpoint         [9:53:02 PM]                 │ │                            │
├─────────────┼───────────────│ 8: Sheet initialized       [9:50:02 PM]                 │─┼────────────────────────────┤
│ r4          │              4│ 9: Initial file load       [9:47:02 PM]                 │ │                            │
├─────────────┼───────────────│─────────────────────────────────────────────────────────│─┼────────────────────────────┤
│ r5          │               │ J: Jump to custom rollback index... (Max available: 9)  │ │                            │
│ (height: 2) │               └─────────────────────────────────────────────────────────┘ │                            │
├─────────────┼──────────────────┼──────────────────┼──────────────────┼──────────────────┼────────────────────────────┤
│ r6          │                  │                  │                  │                  │                            │
├─────────────┼──────────────────┼──────────────────┼──────────────────┼──────────────────┼────────────────────────────┤
│ r7          │                  │                  │                  │                  │                            │
├─────────────┼──────────────────┼──────────────────┼──────────────────┼──────────────────┼────────────────────────────┤
│ r8          │                  │                  │                  │                  │                            │
├─────────────┼──────────────────┼──────────────────┼──────────────────┼──────────────────┼────────────────────────────┤
│ r9          │                  │                  │                  │                  │                            │
├─────────────┼──────────────────┼──────────────────┼──────────────────┼──────────────────┼────────────────────────────┤
│ r10         │                  │                  │                  │                  │                            │
│             │                  │                  │                  │                  │                            │
├─────────────┴──────────────────┴──────────────────┴──────────────────┴──────────────────┴────────────────────────────┤
│ [ Sheet1* ]  [ + ]                                                                                                   │
├──────────────────────────────────────────────────────────────────────────────────────────────────────────────────────┤
│ ROLLBACK │ 100R x 26C │ Active: C1 (Currency) │ Checkpoint: due [Rev 9/99] │ Enter Roll back │ J Custom │ Esc Close  │
└──────────────────────────────────────────────────────────────────────────────────────────────────────────────────────┘