┌─ File (Alt+F) ── Edit ── Rollback (Alt+R) ── View ─────────────────────────────────── cellsheet: Q3_budget.cell [●] ─┐
├──────┬───────────────────────────────────────────────────────────────────────────────────────────────────────────────┤
│  C1  │ fx: =SUM(A1:B1)      ┌──────────────────────────────────────────────────────────┐                             │
├──────┴──────┬───────────────│ 0: Current State   [10:03:02 PM]                         │┬────────────────────────────┤
│             │        A      │ 1: Auto-Checkpoint [10:03:02 PM]                         ││             E              │
├─────────────┼───────────────│ 2: Auto-Checkpoint [10:04:02 PM]                         │┼────────────────────────────┤
│ [r1]        │       $50,000.│ 3: Auto-Checkpoint [10:05:02 PM]                         ││                            │
├─────────────┼───────────────│ 4: Auto-Checkpoint [10:06:02 PM]                         │┼────────────────────────────┤
│ r2          │       $14,200.│ 5: Auto-Checkpoint [10:07:02 PM]                         ││                            │
├─────────────┼───────────────│ 6: Auto-Checkpoint [10:08:02 PM]                         │┼────────────────────────────┤
│ r3          │Operations     │ 7: Auto-Checkpoint [10:09:02 PM]                         ││                            │
├─────────────┼───────────────│ 8: Auto-Checkpoint [10:10:02 PM]                         │┼────────────────────────────┤
│ r4          │              4│ 9: Auto-Checkpoint [10:11:02 PM]                         ││                            │
├─────────────┼───────────────│─────────────┌──────────────────────────────┐─────────────│┼────────────────────────────┤
│ r5          │               │ J: Jump to c│ Rollback                     │ilable: 12)  ││                            │
│ (height: 2) │               └─────────────│ Rollback to index (1-12): 4█ │─────────────┘│                            │
├─────────────┼──────────────────┼──────────│ Enter = go   Esc = cancel    │──────────────┼────────────────────────────┤
│ r6          │                  │          └──────────────────────────────┘              │                            │
├─────────────┼──────────────────┼──────────────────┼──────────────────┼──────────────────┼────────────────────────────┤
│ r7          │                  │                  │                  │                  │                            │
├─────────────┼──────────────────┼──────────────────┼──────────────────┼──────────────────┼────────────────────────────┤
│ r8          │                  │                  │                  │                  │                            │
├─────────────┼──────────────────┼──────────────────┼──────────────────┼──────────────────┼────────────────────────────┤
│ r9          │                  │                  │                  │                  │                            │
├─────────────┼──────────────────┼──────────────────┼──────────────────┼──────────────────┼────────────────────────────┤
│ r10         │                  │                  │                  │                  │                            │
│             │                  │                  │                  │                  │                            │
├─────────────┴──────────────────┴──────────────────┴──────────────────┴──────────────────┴────────────────────────────┤
│ [ Sheet1* ]  [ + ]                                                                                                   │
├──────────────────────────────────────────────────────────────────────────────────────────────────────────────────────┤
│ PROMPT │ 100R x 26C │ Active: C1 (Currency) │ Checkpoint: due [Rev 12/99] │ Enter Go │ Esc Cancel                    │
└──────────────────────────────────────────────────────────────────────────────────────────────────────────────────────┘