┌─ File (Alt+F) ── Edit ── Rollback (Alt+R) ── View ─────────────────────────────────── cellsheet: Q3_budget.cell [●] ─┐
├──────┬───────────────────────────────────────────────────────────────────────────────────────────────────────────────┤
│  B2  │ fx: $320.00                                                                                                   │
├──────┴──────┬──────────────────┬──────────────────┬──────────────────┬──────────────────┬────────────────────────────┤
│             │        A         │       [B]        │        C         │        D         │             E              │
├─────────────┄┄┄┄┄┄┄┄┄┄┄┄┄┄┄┄┄┄┄┄┄┄┄┄┄┄┄┄┄┄┄┄┄┄┄┄┄┄┄──────────────────┼──────────────────┼────────────────────────────┤
│ r1          ┆       $50,000.00 │        $1,250.00 ┆       $51,250.00 │                  │                            │
├─────────────┼──────────────────┼──────────────────┼──────────────────┼──────────────────┼────────────────────────────┤
│ [r2]        ┆       $14,200.50 ║          $320.00 ║       $14,520.50 │                  │                            │
├─────────────┄┄┄┄┄┄┄┄┄┄┄┄┄┄┄┄┄┄┄┄┄┄┄┄┄┄┄┄┄┄┄┄┄┄┄┄┄┄┄──────────────────┼──────────────────┼────────────────────────────┤
│ r3          │Operations        │Equipment         │Subtotal          │Audited?          │                            │
├─────────────┼──────────────────┼──────────────────┼──────────────────┼──────────────────┼────────────────────────────┤
│ r4          │              450 │            12.75 │           5737.5 │YES               │                            │
├─────────────┼──────────────────┼──────────────────┼──────────────────┼──────────────────┼────────────────────────────┤
│ r5          │                  │                  │                  │                  │                            │
│ (height: 2) │                  │                  │                  │                  │                            │
├─────────────┼──────────────────┼──────────────────┼──────────────────┼──────────────────┼────────────────────────────┤
│ r6          │                  │                  │                  │                  │                            │
├─────────────┼──────────────────┼──────────────────┼──────────────────┼──────────────────┼────────────────────────────┤
│ r7          │                  │                  │                  │                  │                            │
├─────────────┼──────────────────┼──────────────────┼──────────────────┼──────────────────┼────────────────────────────┤
│ r8          │                  │                  │                  │                  │                            │
├─────────────┼──────────────────┼──────────────────┼──────────────────┼──────────────────┼────────────────────────────┤
│ r9          │                  │                  │                  │                  │                            │
├─────────────┼──────────────────┼──────────────────┼──────────────────┼──────────────────┼────────────────────────────┤
│ r10         │                  │                  │                  │                  │                            │
│             │                  │                  │                  │                  │                            │
├─────────────┴──────────────────┴──────────────────┴──────────────────┴──────────────────┴────────────────────────────┤
│ [ Sheet1* ]  [ + ]                                                                                                   │
├──────────────────────────────────────────────────────────────────────────────────────────────────────────────────────┤
│ READY │ Sum: $65,770.50 · 2R x 2C │ Active: B2 (Currency) │ Checkpoint: due [Rev 0/99] │ ^S Save │ ^Q Quit           │
└──────────────────────────────────────────────────────────────────────────────────────────────────────────────────────┘