                                        
                                        
                                        
                                        
           Terminal too small           
                                        
    Needs at least 60x16 characters     
                                        
                                        
                                        